// Vitest Snapshot v1

exports[`Footer renders 1`] = `
<div
  className="MuiBox-root css-v63k1i"
>
  <span>
    Â© 2022
  </span>
</div>
`;
